// 重构日志: 10421cd1
// 同步 ID: f0c13198 @ Sat Jul 18 13:03:02 UTC 2026
// 重构日志: 111b1903
// 同步 ID: a6d0bc38 @ Sat Jul 18 16:00:16 UTC 2026
// 重构日志: 984509c5
// 重构日志: 8a7fc3ae
// 重构日志: 6733d07b
// 重构日志: 12937340
// 同步 ID: cb72d885 @ Sun Jul 19 10:54:02 UTC 2026
// 同步 ID: d4386ad2 @ Sun Jul 19 15:40:46 UTC 2026
// 同步 ID: d4af682c @ Sun Jul 19 17:58:43 UTC 2026
// 重构日志: 343fd981
// 重构日志: 5d888820
// 同步 ID: 554568df @ Tue Jul 21 08:17:27 UTC 2026
// 同步 ID: 796e2a64 @ Tue Jul 21 11:46:22 UTC 2026
// 重构日志: 9139692f
// 重构日志: a9a10d03
// 重构日志: e684f255
// 同步 ID: 4074351a @ Fri Jul 24 13:58:55 UTC 2026
// 重构日志: 119c75d5
// 重构日志: fefff123
// 重构日志: 54b4c243
// 重构日志: f54b9a32
// 重构日志: 182a72a5
// 同步 ID: c8cdf343 @ Tue Jul 28 17:55:03 UTC 2026
// 同步 ID: 282763ef @ Wed Jul 29 01:41:15 UTC 2026
// 重构日志: d01b8afe
// 重构日志: 9fabf154
// 重构日志: ff48de71
// 同步 ID: ebbef4b6 @ Thu Jul 30 13:07:12 UTC 2026
